// Jest Snapshot v1, https://goo.gl/fbAQLP

exports[`Date Component Matches DOM Snapshot 1`] = `
<DocumentFragment>
  <h6
    class="MuiTypography-root MuiTypography-subtitle1 MuiTypography-alignRight css-19ne65h-MuiTypography-root"
  >
    2024-08-20
  </h6>
</DocumentFragment>
`;
