// Jest Snapshot v1, https://goo.gl/fbAQLP

exports[`InputForm Component Matches DOM Snapshot 1`] = `
<DocumentFragment>
  <div
    class="MuiBox-root css-bc27n2"
  >
    <label
      class="MuiFormLabel-root MuiInputLabel-root MuiInputLabel-animated MuiFormLabel-colorPrimary MuiInputLabel-root MuiInputLabel-animated css-8uvcxz-MuiFormLabel-root-MuiInputLabel-root"
      data-testid="label"
    >
      Test label
    </label>
    <div
      class="MuiFormControl-root MuiTextField-root css-e5ab0l-MuiFormControl-root-MuiTextField-root"
    >
      <div
        class="MuiInputBase-root MuiOutlinedInput-root MuiInputBase-colorPrimary MuiInputBase-formControl css-pk2gai-MuiInputBase-root-MuiOutlinedInput-root"
      >
        <input
          aria-invalid="false"
          class="MuiInputBase-input MuiOutlinedInput-input css-1t8l2tu-MuiInputBase-input-MuiOutlinedInput-input"
          id=":r0:"
          placeholder="Test placeholder"
          type="text"
          value=""
        />
        <fieldset
          aria-hidden="true"
          class="MuiOutlinedInput-notchedOutline css-1d3z3hw-MuiOutlinedInput-notchedOutline"
        >
          <legend
            class="css-ihdtdm"
          >
            <span
              class="notranslate"
            >
              â€‹
            </span>
          </legend>
        </fieldset>
      </div>
    </div>
  </div>
</DocumentFragment>
`;
