// Jest Snapshot v1, https://goo.gl/fbAQLP

exports[`ActionButtons Matches DOM Snapshot 1`] = `
<DocumentFragment>
  <div
    class="MuiBox-root css-1jf6bot"
  >
    <button
      class="MuiButtonBase-root MuiButton-root MuiButton-contained MuiButton-containedInfo MuiButton-sizeMedium MuiButton-containedSizeMedium MuiButton-colorInfo MuiButton-root MuiButton-contained MuiButton-containedInfo MuiButton-sizeMedium MuiButton-containedSizeMedium MuiButton-colorInfo css-kjirbw-MuiButtonBase-root-MuiButton-root"
      tabindex="0"
      type="button"
    >
      Reset
      <span
        class="MuiTouchRipple-root css-8je8zh-MuiTouchRipple-root"
      />
    </button>
    <button
      class="MuiButtonBase-root MuiButton-root MuiButton-contained MuiButton-containedPrimary MuiButton-sizeMedium MuiButton-containedSizeMedium MuiButton-colorPrimary MuiButton-root MuiButton-contained MuiButton-containedPrimary MuiButton-sizeMedium MuiButton-containedSizeMedium MuiButton-colorPrimary css-sghohy-MuiButtonBase-root-MuiButton-root"
      tabindex="0"
      type="submit"
    >
      Submit
      <span
        class="MuiTouchRipple-root css-8je8zh-MuiTouchRipple-root"
      />
    </button>
  </div>
</DocumentFragment>
`;
