// Jest Snapshot v1, https://goo.gl/fbAQLP

exports[`Modal Matches DOM Snapshot 1`] = `<DocumentFragment />`;
