// Jest Snapshot v1, https://goo.gl/fbAQLP

exports[`ControllerWrapper Component Matches DOM Snapshot 1`] = `
<DocumentFragment>
  <div
    class="MuiBox-root css-yhrioo"
  >
    <div>
      Test Content
    </div>
  </div>
</DocumentFragment>
`;
